// Jest Snapshot v1, https://goo.gl/fbAQLP

exports[`Button renders correctly 1`] = `
<button
  className="btn py-2 px-4"
  onClick={[Function]}
>
  Hello
</button>
`;
